[1/28] Building CXX object ggml/src/CMakeFiles/ggml-base.dir/ggml-threading.cpp.o
[2/28] Building CXX object ggml/src/CMakeFiles/ggml-base.dir/ggml.cpp.o
[3/28] Building C object ggml/src/CMakeFiles/ggml-base.dir/ggml-alloc.c.o
[4/28] Building CXX object ggml/src/CMakeFiles/ggml-base.dir/ggml-opt.cpp.o
[5/28] Building CXX object ggml/src/CMakeFiles/ggml-cpu.dir/ggml-cpu/ggml-cpu.cpp.o
[6/28] Building C object ggml/src/CMakeFiles/ggml-cpu.dir/ggml-cpu/ggml-cpu.c.o
[7/28] Building CXX object ggml/src/CMakeFiles/ggml-base.dir/ggml-backend.cpp.o
[8/28] Building CXX object ggml/src/CMakeFiles/ggml-cpu.dir/ggml-cpu/hbm.cpp.o
[9/28] Building CXX object ggml/src/CMakeFiles/ggml-cpu.dir/ggml-cpu/traits.cpp.o
[10/28] Building CXX object ggml/src/CMakeFiles/ggml-cpu.dir/ggml-cpu/amx/amx.cpp.o
[11/28] Building C object ggml/src/CMakeFiles/ggml-base.dir/ggml.c.o
[12/28] Building CXX object ggml/src/CMakeFiles/ggml-cpu.dir/ggml-cpu/amx/mmq.cpp.o
[13/28] Building CXX object ggml/src/CMakeFiles/ggml-cpu.dir/ggml-cpu/vec.cpp.o
[14/28] Building C object ggml/src/CMakeFiles/ggml-cpu.dir/ggml-cpu/quants.c.o
[15/28] Building CXX object ggml/src/CMakeFiles/ggml-cpu.dir/ggml-cpu/binary-ops.cpp.o
[16/28] Building CXX object ggml/src/CMakeFiles/ggml-base.dir/ggml-backend-meta.cpp.o
[17/28] Building CXX object ggml/src/CMakeFiles/ggml-base.dir/gguf.cpp.o
[18/28] Building CXX object ggml/src/CMakeFiles/ggml-cpu.dir/ggml-cpu/unary-ops.cpp.o
[19/28] Building C object ggml/src/CMakeFiles/ggml-base.dir/ggml-quants.c.o
[20/28] Linking CXX shared library bin/libggml-base.so.0.19.0
[21/28] Creating library symlink bin/libggml-base.so.0 bin/libggml-base.so
[22/28] Building C object ggml/src/CMakeFiles/ggml-cpu.dir/ggml-cpu/arch/arm/quants.c.o
[23/28] Building CXX object ggml/src/CMakeFiles/ggml-cpu.dir/ggml-cpu/llamafile/sgemm.cpp.o
[24/28] Building CXX object ggml/src/CMakeFiles/ggml-cpu.dir/ggml-cpu/arch/arm/repack.cpp.o
[25/28] Building CXX object ggml/src/CMakeFiles/ggml-cpu.dir/ggml-cpu/ops.cpp.o
[26/28] Building CXX object ggml/src/CMakeFiles/ggml-cpu.dir/ggml-cpu/repack.cpp.o
[27/28] Linking CXX shared library bin/libggml-cpu.so.0.19.0
[28/28] Creating library symlink bin/libggml-cpu.so.0 bin/libggml-cpu.so
